I'm sorry, but errors were detected in your script. Please correct the
errors listed below, and try again.


File "game/script.rpy", line 22: expected ':' not found.
    else 
         ^

Ren'Py Version: Ren'Py 8.0.3.22090809
Sat Aug 26 23:55:27 2023
